// Jest Snapshot v1, https://goo.gl/fbAQLP

exports[`Prueba en el About View debe de renderizar el componente correctamente  1`] = `
<div class="about">
  <h1>This is an about page</h1>
</div>
`;

exports[`Prueba en el About View deberia de renderizar el componente correctamente  1`] = `
Object {
  "render": [Function],
}
`;
